
Engine: memcs
Size: 2500000

Format:
  id: unsigned (incrementing)
  extra%i: unsigned (incrementing) (template, count: 100)

Indexes:
  pk:
    id: unsigned

Search index: pk
Until offset: 2250000
Search part count: 1
Write index: pk
Batch size: 1000

WAL mode: write
In one transaction: true

Initialization...

box.slab.info:
  items_size: 671072
  items_used_ratio: 6.82%
  quota_size: 17179869184
  quota_used_ratio: 17.58%
  arena_used_ratio: 98.4%
  items_used: 45744
  quota_used: 3019898880
  arena_size: 3019898880
  arena_used: 2971366064

box.info.memory:
  cache: 0
  data: 29117
  index: 983040
  lua: 91033610
  net: 1114112
  tx: 0

box.stat.memtx.data:
  garbage: 0
  total: 29117
  read_view: 0

box.stat.memtx.index:
  read_view: 0
  total: 983040

Testing...

delete_until_lua_range_api: 59.07

Waiting for perf...


Deleted|updated|processed count (per test): 2250000

